]0;~/Documents/Data Science /R Projects/QuoraQuestionPairs[?1034h(base) Sams-MacBook-Air:QuoraQuestionPairs samtaylor$ git status
On branch master

No commits yet

Untracked files:
  (use "git add <file>..." to include in what will be committed)

	[31m../.DS_Store[m
	[31m../.gitignore[m
	[31m../Kaggle Titanic/[m
	[31m../NFL_PUNT/[m
	[31m../New Project/[m
	[31m./[m
	[31m../R Projects.Rproj[m
	[31m../TMDB/[m
	[31m../TV_RATINGS/[m
	[31m../Waverley_BC_Tweets/[m
	[31m../r4ds/[m
	[31m../tdsp-dir-structure.png[m
	[31m../tdsp-lifecycle2.png[m
	[31m../tdsp-tasks-by-roles.png[m
	[31m../waverley_tweets.csv[m

nothing added to commit but untracked files present (use "git add" to track)
]0;~/Documents/Data Science /R Projects/QuoraQuestionPairs(base) Sams-MacBook-Air:QuoraQuestionPairs samtaylor$ :wdpwd
/Users/samtaylor/Documents/Data Science /R Projects/QuoraQuestionPairs
]0;~/Documents/Data Science /R Projects/QuoraQuestionPairs(base) Sams-MacBook-Air:QuoraQuestionPairs samtaylor$ git init
Initialized empty Git repository in /Users/samtaylor/Documents/Data Science /R Projects/QuoraQuestionPairs/.git/
]0;~/Documents/Data Science /R Projects/QuoraQuestionPairs(base) Sams-MacBook-Air:QuoraQuestionPairs samtaylor$ git add README.md
fatal: pathspec 'README.md' did not match any files
]0;~/Documents/Data Science /R Projects/QuoraQuestionPairs(base) Sams-MacBook-Air:QuoraQuestionPairs samtaylor$ git commit -m "first  commit"
On branch master

Initial commit

Untracked files:
	[31m.Rproj.user/[m
	[31mQuoraQuestionPairs.Rproj[m

nothing added to commit but untracked files present
]0;~/Documents/Data Science /R Projects/QuoraQuestionPairs(base) Sams-MacBook-Air:QuoraQuestionPairs samtaylor$ git remote add origin  git@github.com:samtaylor54321/QuoraQuestionPairs.git
]0;~/Documents/Data Science /R Projects/QuoraQuestionPairs(base) Sams-MacBook-Air:QuoraQuestionPairs samtaylor$ git push -u origin ma ster
error: src refspec master does not match any.
error: failed to push some refs to 'git@github.com:samtaylor54321/QuoraQuestionPairs.git'
]0;~/Documents/Data Science /R Projects/QuoraQuestionPairs(base) Sams-MacBook-Air:QuoraQuestionPairs samtaylor$ git status
On branch master

No commits yet

Untracked files:
  (use "git add <file>..." to include in what will be committed)

	[31m.Rproj.user/[m
	[31mQuoraQuestionPairs.Rproj[m

nothing added to commit but untracked files present (use "git add" to track)
]0;~/Documents/Data Science /R Projects/QuoraQuestionPairs(base) Sams-MacBook-Air:QuoraQuestionPairs samtaylor$ git add README.md
fatal: pathspec 'README.md' did not match any files
]0;~/Documents/Data Science /R Projects/QuoraQuestionPairs(base) Sams-MacBook-Air:QuoraQuestionPairs samtaylor$ git add .